{"level":"info","message":{"method":"GET","responseTime":"16ms","status":401,"url":"/api/rooms","user":"anonymous"},"timestamp":"2025-11-22T09:44:50.127Z"}
{"level":"info","message":{"method":"GET","responseTime":"6ms","status":400,"url":"/api/rooms","user":"anonymous"},"timestamp":"2025-11-22T09:47:36.801Z"}
{"level":"info","message":{"method":"GET","responseTime":"3ms","status":400,"url":"/api/rooms","user":"anonymous"},"timestamp":"2025-11-22T09:47:50.414Z"}
{"level":"info","message":{"method":"GET","responseTime":"2ms","status":400,"url":"/api/rooms","user":"anonymous"},"timestamp":"2025-11-22T09:48:31.620Z"}
{"level":"info","message":{"method":"GET","responseTime":"1ms","status":401,"url":"/api/rooms","user":"anonymous"},"timestamp":"2025-11-22T09:49:11.607Z"}
{"level":"info","message":{"method":"GET","responseTime":"3170ms","status":200,"url":"/api/rooms","user":"Mary"},"timestamp":"2025-11-22T09:50:25.032Z"}
{"level":"info","message":{"method":"GET","responseTime":"10896ms","status":200,"url":"/api/rooms/internal/ROOM10","user":"anonymous"},"timestamp":"2025-11-22T13:25:31.746Z"}
{"level":"info","message":{"method":"GET","responseTime":"479ms","status":200,"url":"/api/rooms/internal/1","user":"anonymous"},"timestamp":"2025-11-22T13:25:45.282Z"}
{"level":"info","message":{"method":"GET","responseTime":"576ms","status":200,"url":"/api/rooms/internal/1","user":"anonymous"},"timestamp":"2025-11-22T13:27:06.957Z"}
{"level":"info","message":{"method":"GET","responseTime":"548ms","status":200,"url":"/api/rooms/internal/3","user":"anonymous"},"timestamp":"2025-11-22T13:30:24.765Z"}
{"level":"info","message":{"method":"PATCH","responseTime":"519ms","status":200,"url":"/api/rooms/internal/3/status","user":"anonymous"},"timestamp":"2025-11-22T13:30:27.493Z"}
{"level":"info","message":{"method":"GET","responseTime":"724ms","status":200,"url":"/api/rooms/internal/1","user":"anonymous"},"timestamp":"2025-11-22T13:30:35.123Z"}
{"level":"info","message":{"method":"GET","responseTime":"788ms","status":200,"url":"/api/rooms/internal/2","user":"anonymous"},"timestamp":"2025-11-22T13:30:50.611Z"}
{"level":"info","message":{"method":"GET","responseTime":"1575ms","status":200,"url":"/api/rooms/internal/2","user":"anonymous"},"timestamp":"2025-11-22T13:31:07.154Z"}
{"level":"info","message":{"method":"PATCH","responseTime":"1533ms","status":200,"url":"/api/rooms/internal/2/status","user":"anonymous"},"timestamp":"2025-11-22T13:31:10.738Z"}
{"level":"info","message":{"method":"GET","responseTime":"256ms","status":200,"url":"/api/rooms/internal/2","user":"anonymous"},"timestamp":"2025-11-22T13:32:55.135Z"}
{"level":"info","message":{"method":"GET","responseTime":"375ms","status":200,"url":"/api/rooms/internal/2","user":"anonymous"},"timestamp":"2025-11-22T13:33:15.296Z"}
{"level":"info","message":{"method":"PATCH","responseTime":"292ms","status":200,"url":"/api/rooms/internal/2/status","user":"anonymous"},"timestamp":"2025-11-22T13:33:16.908Z"}
{"level":"info","message":{"method":"GET","responseTime":"342ms","status":200,"url":"/api/rooms/internal/2","user":"anonymous"},"timestamp":"2025-11-22T13:34:18.699Z"}
{"level":"info","message":{"method":"GET","responseTime":"193ms","status":200,"url":"/api/rooms/internal/1","user":"anonymous"},"timestamp":"2025-11-22T13:34:33.702Z"}
{"level":"info","message":{"method":"GET","responseTime":"195ms","status":200,"url":"/api/rooms/internal/1","user":"anonymous"},"timestamp":"2025-11-22T13:38:36.502Z"}
{"level":"info","message":{"method":"GET","responseTime":"195ms","status":200,"url":"/api/rooms/internal/1","user":"anonymous"},"timestamp":"2025-11-22T13:40:12.120Z"}
{"level":"info","message":{"method":"PATCH","responseTime":"196ms","status":200,"url":"/api/rooms/internal/1/status","user":"anonymous"},"timestamp":"2025-11-22T13:40:13.142Z"}
{"level":"info","message":{"method":"POST","responseTime":"7ms","status":400,"url":"/api/rooms","user":"anonymous"},"timestamp":"2025-11-22T13:53:56.249Z"}
{"level":"info","message":{"method":"POST","responseTime":"2ms","status":400,"url":"/api/rooms","user":"anonymous"},"timestamp":"2025-11-22T13:54:16.130Z"}
{"level":"info","message":{"method":"POST","responseTime":"209ms","status":201,"url":"/api/rooms","user":"Rita"},"timestamp":"2025-11-22T13:56:39.400Z"}
{"level":"info","message":{"method":"GET","responseTime":"204ms","status":200,"url":"/api/rooms/internal/1","user":"anonymous"},"timestamp":"2025-11-22T13:56:49.243Z"}
{"level":"info","message":{"method":"GET","responseTime":"195ms","status":200,"url":"/api/rooms/internal/1","user":"anonymous"},"timestamp":"2025-11-22T13:57:25.423Z"}
{"level":"info","message":{"method":"GET","responseTime":"195ms","status":200,"url":"/api/rooms/internal/1","user":"anonymous"},"timestamp":"2025-11-22T13:59:08.646Z"}
{"level":"info","message":{"method":"GET","responseTime":"195ms","status":200,"url":"/api/rooms/internal/1","user":"anonymous"},"timestamp":"2025-11-22T13:59:10.929Z"}
{"level":"info","message":{"method":"GET","responseTime":"1931ms","status":200,"url":"/api/rooms/internal/1","user":"anonymous"},"timestamp":"2025-11-22T14:29:13.338Z"}
{"level":"info","message":{"method":"POST","responseTime":"205ms","status":201,"url":"/api/rooms","user":"Rita"},"timestamp":"2025-11-22T14:29:50.534Z"}
{"level":"info","message":{"method":"GET","responseTime":"196ms","status":200,"url":"/api/rooms/internal/2","user":"anonymous"},"timestamp":"2025-11-22T14:30:06.297Z"}
{"level":"info","message":{"method":"GET","responseTime":"192ms","status":200,"url":"/api/rooms/internal/2","user":"anonymous"},"timestamp":"2025-11-22T14:30:36.844Z"}
{"level":"info","message":{"method":"GET","responseTime":"194ms","status":200,"url":"/api/rooms/internal/2","user":"anonymous"},"timestamp":"2025-11-22T14:31:42.773Z"}
{"level":"info","message":{"method":"GET","responseTime":"195ms","status":200,"url":"/api/rooms/internal/1","user":"anonymous"},"timestamp":"2025-11-22T14:31:51.708Z"}
{"level":"info","message":{"method":"GET","responseTime":"2833ms","status":200,"url":"/api/rooms/internal/1","user":"anonymous"},"timestamp":"2025-11-22T14:47:52.639Z"}
{"level":"info","message":{"method":"PATCH","responseTime":"207ms","status":200,"url":"/api/rooms/internal/1/status","user":"anonymous"},"timestamp":"2025-11-22T14:47:53.472Z"}
{"level":"info","message":{"method":"GET","responseTime":"437ms","status":200,"url":"/api/rooms/internal/1","user":"anonymous"},"timestamp":"2025-11-22T14:49:48.287Z"}
{"level":"info","message":{"method":"GET","responseTime":"2094ms","status":200,"url":"/api/rooms/internal/1","user":"anonymous"},"timestamp":"2025-11-22T14:54:55.271Z"}
{"level":"info","message":{"method":"PATCH","responseTime":"197ms","status":200,"url":"/api/rooms/internal/1/status","user":"anonymous"},"timestamp":"2025-11-22T14:54:56.097Z"}
{"level":"info","message":{"method":"GET","responseTime":"422ms","status":200,"url":"/api/rooms/internal/1","user":"anonymous"},"timestamp":"2025-11-22T14:56:20.252Z"}
{"level":"info","message":{"method":"POST","responseTime":"221ms","status":201,"url":"/api/rooms","user":"Rita"},"timestamp":"2025-11-22T15:19:30.470Z"}
{"level":"info","message":{"method":"GET","responseTime":"201ms","status":200,"url":"/api/rooms/internal/3","user":"anonymous"},"timestamp":"2025-11-22T15:19:43.496Z"}
{"level":"info","message":{"method":"GET","responseTime":"198ms","status":200,"url":"/api/rooms/internal/2","user":"anonymous"},"timestamp":"2025-11-22T15:20:24.102Z"}
{"level":"info","message":{"method":"PATCH","responseTime":"203ms","status":200,"url":"/api/rooms/internal/2/status","user":"anonymous"},"timestamp":"2025-11-22T15:20:24.898Z"}
{"level":"info","message":{"method":"GET","responseTime":"197ms","status":200,"url":"/api/rooms/internal/3","user":"anonymous"},"timestamp":"2025-11-22T15:24:33.923Z"}
{"level":"info","message":{"method":"PATCH","responseTime":"198ms","status":200,"url":"/api/rooms/internal/3/status","user":"anonymous"},"timestamp":"2025-11-22T15:24:34.932Z"}
{"level":"info","message":{"method":"GET","responseTime":"198ms","status":200,"url":"/api/rooms/internal/3","user":"anonymous"},"timestamp":"2025-11-22T15:25:10.388Z"}
{"level":"info","message":{"method":"PATCH","responseTime":"196ms","status":200,"url":"/api/rooms/internal/3/status","user":"anonymous"},"timestamp":"2025-11-22T15:25:11.367Z"}
{"level":"info","message":{"method":"POST","responseTime":"485ms","status":201,"url":"/api/rooms","user":"Rita"},"timestamp":"2025-11-22T18:58:29.284Z"}
{"level":"info","message":{"method":"GET","responseTime":"199ms","status":200,"url":"/api/rooms/internal/1","user":"anonymous"},"timestamp":"2025-11-22T18:59:00.109Z"}
{"level":"info","message":{"method":"PATCH","responseTime":"198ms","status":200,"url":"/api/rooms/internal/1/status","user":"anonymous"},"timestamp":"2025-11-22T18:59:00.929Z"}
{"level":"info","message":{"method":"GET","responseTime":"201ms","status":200,"url":"/api/rooms/internal/1","user":"anonymous"},"timestamp":"2025-11-22T19:01:03.413Z"}
{"level":"info","message":{"method":"GET","responseTime":"316ms","status":200,"url":"/api/rooms/internal/1","user":"anonymous"},"timestamp":"2025-11-22T19:01:39.815Z"}
{"level":"info","message":{"method":"GET","responseTime":"192ms","status":200,"url":"/api/rooms/internal/1","user":"anonymous"},"timestamp":"2025-11-22T19:03:04.271Z"}
{"level":"info","message":{"method":"PATCH","responseTime":"191ms","status":200,"url":"/api/rooms/internal/1/status","user":"anonymous"},"timestamp":"2025-11-22T19:03:05.053Z"}
{"level":"info","message":{"method":"POST","responseTime":"552ms","status":201,"url":"/api/rooms","user":"Rita"},"timestamp":"2025-11-22T19:08:05.424Z"}
{"level":"info","message":{"method":"POST","responseTime":"191ms","status":201,"url":"/api/rooms","user":"Rita"},"timestamp":"2025-11-22T19:08:17.809Z"}
{"level":"info","message":{"method":"GET","responseTime":"189ms","status":200,"url":"/api/rooms/internal/2","user":"anonymous"},"timestamp":"2025-11-22T19:09:21.923Z"}
{"level":"info","message":{"method":"GET","responseTime":"185ms","status":200,"url":"/api/rooms/internal/10","user":"anonymous"},"timestamp":"2025-11-22T19:09:37.717Z"}
{"level":"info","message":{"method":"GET","responseTime":"192ms","status":200,"url":"/api/rooms/internal/123","user":"anonymous"},"timestamp":"2025-11-22T19:12:15.753Z"}
{"level":"info","message":{"method":"PATCH","responseTime":"191ms","status":200,"url":"/api/rooms/internal/123/status","user":"anonymous"},"timestamp":"2025-11-22T19:12:16.909Z"}
{"level":"info","message":{"method":"GET","responseTime":"314ms","status":200,"url":"/api/rooms/internal/123","user":"anonymous"},"timestamp":"2025-11-22T19:12:53.087Z"}
{"level":"info","message":{"method":"GET","responseTime":"185ms","status":200,"url":"/api/rooms/internal/123","user":"anonymous"},"timestamp":"2025-11-22T19:13:15.745Z"}
{"level":"info","message":{"method":"PATCH","responseTime":"203ms","status":200,"url":"/api/rooms/internal/123/status","user":"anonymous"},"timestamp":"2025-11-22T19:13:16.889Z"}
{"level":"info","message":{"method":"GET","responseTime":"1892ms","status":200,"url":"/api/rooms/internal/1","user":"anonymous"},"timestamp":"2025-11-22T19:18:28.449Z"}
{"level":"info","message":{"method":"GET","responseTime":"187ms","status":200,"url":"/api/rooms/internal/2","user":"anonymous"},"timestamp":"2025-11-22T19:19:02.674Z"}
{"level":"info","message":{"method":"PATCH","responseTime":"192ms","status":200,"url":"/api/rooms/internal/2/status","user":"anonymous"},"timestamp":"2025-11-22T19:19:03.628Z"}
{"level":"info","message":{"method":"PATCH","responseTime":"2166ms","status":200,"url":"/api/rooms/internal/123/status","user":"anonymous"},"timestamp":"2025-11-22T19:28:50.194Z"}
{"level":"info","message":{"method":"PATCH","responseTime":"204ms","status":200,"url":"/api/rooms/internal/123/status","user":"anonymous"},"timestamp":"2025-11-22T19:29:53.446Z"}
{"level":"info","message":{"method":"POST","responseTime":"230ms","status":500,"url":"/api/rooms","user":"Rita"},"timestamp":"2025-11-22T20:42:38.940Z"}
{"level":"info","message":{"method":"POST","responseTime":"1ms","status":404,"url":"/api/v1/rooms","user":"anonymous"},"timestamp":"2025-11-22T20:43:04.971Z"}
{"level":"info","message":{"method":"GET","responseTime":"1ms","status":404,"url":"/api/v1/rooms/internal/123","user":"anonymous"},"timestamp":"2025-11-22T20:44:13.901Z"}
{"level":"info","message":{"method":"GET","responseTime":"1ms","status":404,"url":"/api/v1/rooms/internal/101","user":"anonymous"},"timestamp":"2025-11-22T20:44:33.788Z"}
{"level":"info","message":{"method":"GET","responseTime":"2ms","status":404,"url":"/api/v1/rooms/internal/MB-001","user":"anonymous"},"timestamp":"2025-11-22T20:46:12.586Z"}
{"level":"info","message":{"method":"GET","responseTime":"203ms","status":200,"url":"/api/rooms/internal/MB-001","user":"anonymous"},"timestamp":"2025-11-22T20:46:37.520Z"}
{"level":"info","message":{"method":"GET","responseTime":"197ms","status":200,"url":"/api/rooms/internal/101","user":"anonymous"},"timestamp":"2025-11-22T20:46:48.984Z"}
{"level":"info","message":{"method":"GET","responseTime":"1ms","status":404,"url":"/api/v1/rooms/internal/101","user":"anonymous"},"timestamp":"2025-11-22T20:47:15.967Z"}
{"level":"info","message":{"method":"POST","responseTime":"206ms","status":201,"url":"/api/rooms","user":"Rita"},"timestamp":"2025-11-22T20:48:20.458Z"}
{"level":"info","message":{"method":"POST","responseTime":"395ms","status":201,"url":"/api/rooms","user":"Rita"},"timestamp":"2025-11-22T20:58:21.027Z"}
{"level":"info","message":{"method":"POST","responseTime":"284ms","status":500,"url":"/v1/rooms","user":"Rita"},"timestamp":"2025-11-22T20:58:29.451Z"}
{"level":"info","message":{"method":"POST","responseTime":"295ms","status":500,"url":"/v1/rooms","user":"Rita"},"timestamp":"2025-11-22T20:58:36.721Z"}
{"level":"info","message":{"method":"POST","responseTime":"297ms","status":500,"url":"/v1/rooms","user":"Rita"},"timestamp":"2025-11-22T20:58:43.520Z"}
{"level":"info","message":{"method":"POST","responseTime":"3678ms","status":500,"url":"/v1/rooms","user":"Rita"},"timestamp":"2025-11-22T21:03:02.265Z"}
{"level":"info","message":{"method":"POST","responseTime":"257ms","status":201,"url":"/v1/rooms","user":"Rita"},"timestamp":"2025-11-22T21:03:13.381Z"}
{"level":"info","message":{"method":"GET","responseTime":"275ms","status":200,"url":"/v1/rooms/internal/15","user":"anonymous"},"timestamp":"2025-11-22T21:03:30.114Z"}
{"level":"info","message":{"method":"PATCH","responseTime":"249ms","status":200,"url":"/v1/rooms/internal/15/status","user":"anonymous"},"timestamp":"2025-11-22T21:03:32.230Z"}
{"level":"info","message":{"method":"GET","responseTime":"367ms","status":200,"url":"/v1/rooms/internal/15","user":"anonymous"},"timestamp":"2025-11-22T21:03:53.011Z"}
{"level":"info","message":{"method":"PATCH","responseTime":"270ms","status":200,"url":"/v1/rooms/internal/15/status","user":"anonymous"},"timestamp":"2025-11-22T21:05:23.804Z"}
{"level":"info","message":{"method":"GET","responseTime":"368ms","status":200,"url":"/v1/rooms/internal/15","user":"anonymous"},"timestamp":"2025-11-22T21:05:48.572Z"}
{"level":"info","message":{"method":"PATCH","responseTime":"290ms","status":200,"url":"/v1/rooms/internal/15/status","user":"anonymous"},"timestamp":"2025-11-22T21:05:50.460Z"}
