{"level":"info","message":{"method":"POST","responseTime":"10038ms","status":500,"url":"/v1/Review/review","user":"userxx"},"timestamp":"2025-11-27T13:13:31.042Z"}
{"level":"info","message":{"method":"GET","responseTime":"10026ms","status":500,"url":"/v1/Review/me","user":"userxx"},"timestamp":"2025-11-27T13:13:41.099Z"}
{"level":"info","message":{"method":"PUT","responseTime":"85ms","status":500,"url":"/v1/Review/undefined","user":"userxx"},"timestamp":"2025-11-27T13:13:41.204Z"}
{"level":"info","message":{"method":"GET","responseTime":"10017ms","status":500,"url":"/v1/Review/room/ROOM_1000","user":"userxx"},"timestamp":"2025-11-27T13:13:51.243Z"}
{"level":"info","message":{"method":"POST","responseTime":"13ms","status":500,"url":"/v1/Review/undefined/flag","user":"adminxx"},"timestamp":"2025-11-27T13:13:51.286Z"}
{"level":"info","message":{"method":"POST","responseTime":"13ms","status":500,"url":"/v1/Review/undefined/unflag","user":"adminxx"},"timestamp":"2025-11-27T13:13:51.319Z"}
{"level":"info","message":{"method":"PATCH","responseTime":"16ms","status":500,"url":"/v1/Review/undefined/hide","user":"adminxx"},"timestamp":"2025-11-27T13:13:51.354Z"}
{"level":"info","message":{"method":"PATCH","responseTime":"13ms","status":500,"url":"/v1/Review/undefined/unhide","user":"adminxx"},"timestamp":"2025-11-27T13:13:51.394Z"}
{"level":"info","message":{"method":"DELETE","responseTime":"12ms","status":500,"url":"/v1/Review/undefined","user":"userxx"},"timestamp":"2025-11-27T13:13:51.425Z"}
{"level":"info","message":{"method":"POST","responseTime":"10051ms","status":500,"url":"/v1/Review/review","user":"userxx"},"timestamp":"2025-11-28T09:41:13.678Z"}
{"level":"info","message":{"method":"GET","responseTime":"10028ms","status":500,"url":"/v1/Review/me","user":"userxx"},"timestamp":"2025-11-28T09:41:23.736Z"}
{"level":"info","message":{"method":"PUT","responseTime":"95ms","status":500,"url":"/v1/Review/undefined","user":"userxx"},"timestamp":"2025-11-28T09:41:23.856Z"}
{"level":"info","message":{"method":"GET","responseTime":"10020ms","status":500,"url":"/v1/Review/room/ROOM_1000","user":"userxx"},"timestamp":"2025-11-28T09:41:33.897Z"}
{"level":"info","message":{"method":"POST","responseTime":"8ms","status":500,"url":"/v1/Review/undefined/flag","user":"adminxx"},"timestamp":"2025-11-28T09:41:33.925Z"}
{"level":"info","message":{"method":"POST","responseTime":"11ms","status":500,"url":"/v1/Review/undefined/unflag","user":"adminxx"},"timestamp":"2025-11-28T09:41:33.955Z"}
{"level":"info","message":{"method":"PATCH","responseTime":"14ms","status":500,"url":"/v1/Review/undefined/hide","user":"adminxx"},"timestamp":"2025-11-28T09:41:33.987Z"}
{"level":"info","message":{"method":"PATCH","responseTime":"15ms","status":500,"url":"/v1/Review/undefined/unhide","user":"adminxx"},"timestamp":"2025-11-28T09:41:34.020Z"}
{"level":"info","message":{"method":"DELETE","responseTime":"15ms","status":500,"url":"/v1/Review/undefined","user":"userxx"},"timestamp":"2025-11-28T09:41:34.063Z"}
{"level":"info","message":{"method":"POST","responseTime":"10054ms","status":500,"url":"/v1/Review/review","user":"userxx"},"timestamp":"2025-11-28T09:50:05.853Z"}
{"level":"info","message":{"method":"GET","responseTime":"10017ms","status":500,"url":"/v1/Review/me","user":"userxx"},"timestamp":"2025-11-28T09:50:15.901Z"}
{"level":"info","message":{"method":"POST","responseTime":"10056ms","status":500,"url":"/v1/Review/review","user":"userxx"},"timestamp":"2025-11-28T09:51:08.248Z"}
{"level":"info","message":{"method":"GET","responseTime":"10020ms","status":500,"url":"/v1/Review/me","user":"userxx"},"timestamp":"2025-11-28T09:51:18.305Z"}
{"level":"info","message":{"method":"POST","responseTime":"10058ms","status":500,"url":"/v1/Review/review","user":"userxx"},"timestamp":"2025-11-28T09:51:53.068Z"}
{"level":"info","message":{"method":"GET","responseTime":"10025ms","status":500,"url":"/v1/Review/me","user":"userxx"},"timestamp":"2025-11-28T09:52:03.128Z"}
{"level":"info","message":{"method":"POST","responseTime":"1108ms","status":201,"url":"/v1/Review/review","user":"userxx"},"timestamp":"2025-11-28T10:00:38.131Z"}
{"level":"info","message":{"method":"GET","responseTime":"149ms","status":200,"url":"/v1/Review/me","user":"userxx"},"timestamp":"2025-11-28T10:00:38.298Z"}
{"level":"info","message":{"method":"POST","responseTime":"1131ms","status":201,"url":"/v1/Review/review","user":"userxx"},"timestamp":"2025-11-28T10:01:27.513Z"}
{"level":"info","message":{"method":"GET","responseTime":"161ms","status":200,"url":"/v1/Review/me","user":"userxx"},"timestamp":"2025-11-28T10:01:27.729Z"}
{"level":"info","message":{"method":"POST","responseTime":"1612ms","status":201,"url":"/v1/Review/review","user":"userxx"},"timestamp":"2025-11-28T10:05:40.323Z"}
{"level":"info","message":{"method":"GET","responseTime":"132ms","status":200,"url":"/v1/Review/me","user":"userxx"},"timestamp":"2025-11-28T10:05:40.471Z"}
{"level":"info","message":{"method":"PUT","responseTime":"240ms","status":200,"url":"/v1/Review/692973f2e2eaf08cf6c1c339","user":"userxx"},"timestamp":"2025-11-28T10:05:40.723Z"}
{"level":"info","message":{"method":"GET","responseTime":"116ms","status":200,"url":"/v1/Review/room/ROOM_TEST_1","user":"userxx"},"timestamp":"2025-11-28T10:05:40.851Z"}
{"level":"info","message":{"method":"POST","responseTime":"235ms","status":200,"url":"/v1/Review/692973f2e2eaf08cf6c1c339/flag","user":"adminxx"},"timestamp":"2025-11-28T10:05:41.098Z"}
{"level":"info","message":{"method":"POST","responseTime":"235ms","status":200,"url":"/v1/Review/692973f2e2eaf08cf6c1c339/unflag","user":"adminxx"},"timestamp":"2025-11-28T10:05:41.346Z"}
{"level":"info","message":{"method":"PATCH","responseTime":"238ms","status":200,"url":"/v1/Review/692973f2e2eaf08cf6c1c339/hide","user":"adminxx"},"timestamp":"2025-11-28T10:05:41.593Z"}
{"level":"info","message":{"method":"PATCH","responseTime":"234ms","status":200,"url":"/v1/Review/692973f2e2eaf08cf6c1c339/unhide","user":"adminxx"},"timestamp":"2025-11-28T10:05:41.836Z"}
{"level":"info","message":{"method":"DELETE","responseTime":"235ms","status":200,"url":"/v1/Review/692973f2e2eaf08cf6c1c339","user":"userxx"},"timestamp":"2025-11-28T10:05:42.083Z"}
{"level":"info","message":{"method":"POST","responseTime":"9ms","status":403,"url":"/v1/Review/review","user":"anonymous"},"timestamp":"2025-11-28T12:33:36.674Z"}
{"level":"info","message":{"method":"GET","responseTime":"3ms","status":403,"url":"/v1/Review/me","user":"anonymous"},"timestamp":"2025-11-28T12:33:36.697Z"}
{"level":"info","message":{"method":"PUT","responseTime":"4ms","status":403,"url":"/v1/Review/undefined","user":"anonymous"},"timestamp":"2025-11-28T12:33:36.722Z"}
{"level":"info","message":{"method":"GET","responseTime":"4ms","status":403,"url":"/v1/Review/room/ROOM_TEST_1","user":"anonymous"},"timestamp":"2025-11-28T12:33:36.738Z"}
{"level":"info","message":{"method":"POST","responseTime":"3ms","status":403,"url":"/v1/Review/undefined/flag","user":"anonymous"},"timestamp":"2025-11-28T12:33:36.760Z"}
{"level":"info","message":{"method":"POST","responseTime":"2ms","status":403,"url":"/v1/Review/undefined/unflag","user":"anonymous"},"timestamp":"2025-11-28T12:33:36.778Z"}
{"level":"info","message":{"method":"PATCH","responseTime":"2ms","status":403,"url":"/v1/Review/undefined/hide","user":"anonymous"},"timestamp":"2025-11-28T12:33:36.795Z"}
{"level":"info","message":{"method":"PATCH","responseTime":"2ms","status":403,"url":"/v1/Review/undefined/unhide","user":"anonymous"},"timestamp":"2025-11-28T12:33:36.810Z"}
{"level":"info","message":{"method":"DELETE","responseTime":"3ms","status":403,"url":"/v1/Review/undefined","user":"anonymous"},"timestamp":"2025-11-28T12:33:36.829Z"}
